// Jest Snapshot v1, https://goo.gl/fbAQLP

exports[`Pantalla Principal Renderiza correctamente 1`] = `<div />`;
