// Jest Snapshot v1, https://goo.gl/fbAQLP

exports[`Pantalla Planetas Renderiza correctamente 1`] = `
<div
  class="container"
>
  <div
    class="content"
  >
    <div
      class="containerCard"
    >
      <div
        class="card-content"
        style="background-color: rgb(127, 140, 141);"
      >
        <h3>
          Nombre del Planeta
        </h3>
        <img
          alt="imagen de la carta"
          class="image-box"
          src="https://static.vecteezy.com/system/resources/previews/004/141/669/non_2x/no-photo-or-blank-image-icon-loading-images-or-missing-image-mark-image-not-available-or-image-coming-soon-sign-simple-nature-silhouette-in-frame-isolated-illustration-vector.jpg"
        />
        <h4>
          Tipo
        </h4>
        <div
          class="info-box"
        >
          <ul
            class="list"
          >
            <li>
              <span
                class="list-item-title"
              >
                Habilidades: 
              </span>
            </li>
          </ul>
          <p
            class="description"
          >
            Descripcion de la carta
          </p>
          <p
            align="right"
            class="credits"
          >
            P-XXXXXXXXXX
          </p>
        </div>
      </div>
    </div>
    <div
      class="containerForm"
    >
      <div
        class="wrapperForm"
      >
        <h1>
          Crear Planeta
        </h1>
        <div
          class="containerFrom"
        >
          <form>
            <div
              class="containerInputs"
            >
              <label
                class="inputCard"
                for="name"
              >
                Nombre:
              </label>
              <input
                id="name"
                maxlength="30"
                minlength="5"
                required=""
                type="text"
              />
            </div>
            <div
              class="containerInputs"
            >
              <label
                class="inputCard"
                for="image"
              >
                Imagen:
              </label>
              <input
                id="image"
                required=""
                type="file"
              />
            </div>
            <div
              class="containerInputs"
            >
              <label
                class="inputCard"
                for="description"
              >
                Descripci√≥n:
              </label>
              <textarea
                id="description"
                maxlength="1000"
                required=""
              />
            </div>
            <div
              class="containerInputs"
            >
              <label
                class="inputCard"
                for="habilidad"
              >
                Habilidad:
              </label>
              <select
                id="type"
                name="type"
              >
                <option
                  value=""
                >
                  Seleccione un tipo
                </option>
              </select>
            </div>
            <div
              class="containerInputs"
            >
              <label
                class="inputCard"
                for="habilidad"
              >
                Tipo:
              </label>
              <select
                id="type"
                name="type"
                required=""
              >
                <option
                  value=""
                >
                  Seleccione un tipo
                </option>
                <option
                  value="raro"
                >
                  Raro
                </option>
                <option
                  value="basico"
                >
                  Basico
                </option>
                <option
                  value="popular"
                >
                  Popular
                </option>
              </select>
            </div>
            <button
              class="button-54"
              type="submit"
            >
              Crear planeta
            </button>
          </form>
        </div>
      </div>
    </div>
  </div>
</div>
`;
